// Jest Snapshot v1, https://goo.gl/fbAQLP

exports[`Day component renders correctly 1`] = `
ShallowWrapper {
  Symbol(enzyme.__root__): [Circular],
  Symbol(enzyme.__unrendered__): <Day
    today={true}
    weather={
      Array [
        Object {
          "dt": 1539248400,
          "dt_txt": "2018-10-11 12:00:00",
          "main": Object {
            "pressure": 1017.58,
            "temp": 286.164,
          },
          "weather": Array [
            Object {
              "description": "clear sky",
              "icon": "01d",
            },
          ],
          "wind": Object {
            "deg": 165.001,
            "speed": 3.61,
          },
        },
      ]
    }
  />,
  Symbol(enzyme.__renderer__): Object {
    "batchedUpdates": [Function],
    "getNode": [Function],
    "render": [Function],
    "simulateError": [Function],
    "simulateEvent": [Function],
    "unmount": [Function],
  },
  Symbol(enzyme.__node__): Object {
    "instance": null,
    "key": undefined,
    "nodeType": "host",
    "props": Object {
      "children": <div
        className="card-body"
      >
        <h5
          className="card-title"
        >
          Today (11 - Oct - 2018)
        </h5>
        <ul
          className="list-group"
        >
          <li
            className="d-flex list-group-item align-middle"
          >
            <div
              className="time"
            >
              12:00
            </div>
            <div
              className="icon"
            >
              <img
                alt="clear sky"
                src="http://openweathermap.org/img/w/01d.png"
              />
            </div>
            <div
              className="temp"
            >
              286.164
              <sup>
                o
              </sup>
              C
            </div>
            <div
              className="hpa"
            >
              1017.58 hPa
            </div>
            <div
              className="wind"
            >
              3.61
            </div>
            <div
              className="wind-arrow"
            >
              <i
                className="material-icons"
                style={
                  Object {
                    "transform": "rotate(165.001deg)",
                  }
                }
              >
                arrow_right_alt
              </i>
            </div>
          </li>
        </ul>
      </div>,
      "className": "card",
    },
    "ref": null,
    "rendered": Object {
      "instance": null,
      "key": undefined,
      "nodeType": "host",
      "props": Object {
        "children": Array [
          <h5
            className="card-title"
          >
            Today (11 - Oct - 2018)
          </h5>,
          <ul
            className="list-group"
          >
            <li
              className="d-flex list-group-item align-middle"
            >
              <div
                className="time"
              >
                12:00
              </div>
              <div
                className="icon"
              >
                <img
                  alt="clear sky"
                  src="http://openweathermap.org/img/w/01d.png"
                />
              </div>
              <div
                className="temp"
              >
                286.164
                <sup>
                  o
                </sup>
                C
              </div>
              <div
                className="hpa"
              >
                1017.58 hPa
              </div>
              <div
                className="wind"
              >
                3.61
              </div>
              <div
                className="wind-arrow"
              >
                <i
                  className="material-icons"
                  style={
                    Object {
                      "transform": "rotate(165.001deg)",
                    }
                  }
                >
                  arrow_right_alt
                </i>
              </div>
            </li>
          </ul>,
        ],
        "className": "card-body",
      },
      "ref": null,
      "rendered": Array [
        Object {
          "instance": null,
          "key": undefined,
          "nodeType": "host",
          "props": Object {
            "children": "Today (11 - Oct - 2018)",
            "className": "card-title",
          },
          "ref": null,
          "rendered": "Today (11 - Oct - 2018)",
          "type": "h5",
        },
        Object {
          "instance": null,
          "key": undefined,
          "nodeType": "host",
          "props": Object {
            "children": Array [
              <li
                className="d-flex list-group-item align-middle"
              >
                <div
                  className="time"
                >
                  12:00
                </div>
                <div
                  className="icon"
                >
                  <img
                    alt="clear sky"
                    src="http://openweathermap.org/img/w/01d.png"
                  />
                </div>
                <div
                  className="temp"
                >
                  286.164
                  <sup>
                    o
                  </sup>
                  C
                </div>
                <div
                  className="hpa"
                >
                  1017.58 hPa
                </div>
                <div
                  className="wind"
                >
                  3.61
                </div>
                <div
                  className="wind-arrow"
                >
                  <i
                    className="material-icons"
                    style={
                      Object {
                        "transform": "rotate(165.001deg)",
                      }
                    }
                  >
                    arrow_right_alt
                  </i>
                </div>
              </li>,
            ],
            "className": "list-group",
          },
          "ref": null,
          "rendered": Array [
            Object {
              "instance": null,
              "key": "1539248400",
              "nodeType": "host",
              "props": Object {
                "children": Array [
                  <div
                    className="time"
                  >
                    12:00
                  </div>,
                  <div
                    className="icon"
                  >
                    <img
                      alt="clear sky"
                      src="http://openweathermap.org/img/w/01d.png"
                    />
                  </div>,
                  <div
                    className="temp"
                  >
                    286.164
                    <sup>
                      o
                    </sup>
                    C
                  </div>,
                  <div
                    className="hpa"
                  >
                    1017.58 hPa
                  </div>,
                  <div
                    className="wind"
                  >
                    3.61
                  </div>,
                  <div
                    className="wind-arrow"
                  >
                    <i
                      className="material-icons"
                      style={
                        Object {
                          "transform": "rotate(165.001deg)",
                        }
                      }
                    >
                      arrow_right_alt
                    </i>
                  </div>,
                ],
                "className": "d-flex list-group-item align-middle",
              },
              "ref": null,
              "rendered": Array [
                Object {
                  "instance": null,
                  "key": undefined,
                  "nodeType": "host",
                  "props": Object {
                    "children": "12:00",
                    "className": "time",
                  },
                  "ref": null,
                  "rendered": "12:00",
                  "type": "div",
                },
                Object {
                  "instance": null,
                  "key": undefined,
                  "nodeType": "host",
                  "props": Object {
                    "children": <img
                      alt="clear sky"
                      src="http://openweathermap.org/img/w/01d.png"
                    />,
                    "className": "icon",
                  },
                  "ref": null,
                  "rendered": Object {
                    "instance": null,
                    "key": undefined,
                    "nodeType": "host",
                    "props": Object {
                      "alt": "clear sky",
                      "src": "http://openweathermap.org/img/w/01d.png",
                    },
                    "ref": null,
                    "rendered": null,
                    "type": "img",
                  },
                  "type": "div",
                },
                Object {
                  "instance": null,
                  "key": undefined,
                  "nodeType": "host",
                  "props": Object {
                    "children": Array [
                      286.164,
                      <sup>
                        o
                      </sup>,
                      "C",
                    ],
                    "className": "temp",
                  },
                  "ref": null,
                  "rendered": Array [
                    286.164,
                    Object {
                      "instance": null,
                      "key": undefined,
                      "nodeType": "host",
                      "props": Object {
                        "children": "o",
                      },
                      "ref": null,
                      "rendered": "o",
                      "type": "sup",
                    },
                    "C",
                  ],
                  "type": "div",
                },
                Object {
                  "instance": null,
                  "key": undefined,
                  "nodeType": "host",
                  "props": Object {
                    "children": "1017.58 hPa",
                    "className": "hpa",
                  },
                  "ref": null,
                  "rendered": "1017.58 hPa",
                  "type": "div",
                },
                Object {
                  "instance": null,
                  "key": undefined,
                  "nodeType": "host",
                  "props": Object {
                    "children": 3.61,
                    "className": "wind",
                  },
                  "ref": null,
                  "rendered": 3.61,
                  "type": "div",
                },
                Object {
                  "instance": null,
                  "key": undefined,
                  "nodeType": "host",
                  "props": Object {
                    "children": <i
                      className="material-icons"
                      style={
                        Object {
                          "transform": "rotate(165.001deg)",
                        }
                      }
                    >
                      arrow_right_alt
                    </i>,
                    "className": "wind-arrow",
                  },
                  "ref": null,
                  "rendered": Object {
                    "instance": null,
                    "key": undefined,
                    "nodeType": "host",
                    "props": Object {
                      "children": "arrow_right_alt",
                      "className": "material-icons",
                      "style": Object {
                        "transform": "rotate(165.001deg)",
                      },
                    },
                    "ref": null,
                    "rendered": "arrow_right_alt",
                    "type": "i",
                  },
                  "type": "div",
                },
              ],
              "type": "li",
            },
          ],
          "type": "ul",
        },
      ],
      "type": "div",
    },
    "type": "div",
  },
  Symbol(enzyme.__nodes__): Array [
    Object {
      "instance": null,
      "key": undefined,
      "nodeType": "host",
      "props": Object {
        "children": <div
          className="card-body"
        >
          <h5
            className="card-title"
          >
            Today (11 - Oct - 2018)
          </h5>
          <ul
            className="list-group"
          >
            <li
              className="d-flex list-group-item align-middle"
            >
              <div
                className="time"
              >
                12:00
              </div>
              <div
                className="icon"
              >
                <img
                  alt="clear sky"
                  src="http://openweathermap.org/img/w/01d.png"
                />
              </div>
              <div
                className="temp"
              >
                286.164
                <sup>
                  o
                </sup>
                C
              </div>
              <div
                className="hpa"
              >
                1017.58 hPa
              </div>
              <div
                className="wind"
              >
                3.61
              </div>
              <div
                className="wind-arrow"
              >
                <i
                  className="material-icons"
                  style={
                    Object {
                      "transform": "rotate(165.001deg)",
                    }
                  }
                >
                  arrow_right_alt
                </i>
              </div>
            </li>
          </ul>
        </div>,
        "className": "card",
      },
      "ref": null,
      "rendered": Object {
        "instance": null,
        "key": undefined,
        "nodeType": "host",
        "props": Object {
          "children": Array [
            <h5
              className="card-title"
            >
              Today (11 - Oct - 2018)
            </h5>,
            <ul
              className="list-group"
            >
              <li
                className="d-flex list-group-item align-middle"
              >
                <div
                  className="time"
                >
                  12:00
                </div>
                <div
                  className="icon"
                >
                  <img
                    alt="clear sky"
                    src="http://openweathermap.org/img/w/01d.png"
                  />
                </div>
                <div
                  className="temp"
                >
                  286.164
                  <sup>
                    o
                  </sup>
                  C
                </div>
                <div
                  className="hpa"
                >
                  1017.58 hPa
                </div>
                <div
                  className="wind"
                >
                  3.61
                </div>
                <div
                  className="wind-arrow"
                >
                  <i
                    className="material-icons"
                    style={
                      Object {
                        "transform": "rotate(165.001deg)",
                      }
                    }
                  >
                    arrow_right_alt
                  </i>
                </div>
              </li>
            </ul>,
          ],
          "className": "card-body",
        },
        "ref": null,
        "rendered": Array [
          Object {
            "instance": null,
            "key": undefined,
            "nodeType": "host",
            "props": Object {
              "children": "Today (11 - Oct - 2018)",
              "className": "card-title",
            },
            "ref": null,
            "rendered": "Today (11 - Oct - 2018)",
            "type": "h5",
          },
          Object {
            "instance": null,
            "key": undefined,
            "nodeType": "host",
            "props": Object {
              "children": Array [
                <li
                  className="d-flex list-group-item align-middle"
                >
                  <div
                    className="time"
                  >
                    12:00
                  </div>
                  <div
                    className="icon"
                  >
                    <img
                      alt="clear sky"
                      src="http://openweathermap.org/img/w/01d.png"
                    />
                  </div>
                  <div
                    className="temp"
                  >
                    286.164
                    <sup>
                      o
                    </sup>
                    C
                  </div>
                  <div
                    className="hpa"
                  >
                    1017.58 hPa
                  </div>
                  <div
                    className="wind"
                  >
                    3.61
                  </div>
                  <div
                    className="wind-arrow"
                  >
                    <i
                      className="material-icons"
                      style={
                        Object {
                          "transform": "rotate(165.001deg)",
                        }
                      }
                    >
                      arrow_right_alt
                    </i>
                  </div>
                </li>,
              ],
              "className": "list-group",
            },
            "ref": null,
            "rendered": Array [
              Object {
                "instance": null,
                "key": "1539248400",
                "nodeType": "host",
                "props": Object {
                  "children": Array [
                    <div
                      className="time"
                    >
                      12:00
                    </div>,
                    <div
                      className="icon"
                    >
                      <img
                        alt="clear sky"
                        src="http://openweathermap.org/img/w/01d.png"
                      />
                    </div>,
                    <div
                      className="temp"
                    >
                      286.164
                      <sup>
                        o
                      </sup>
                      C
                    </div>,
                    <div
                      className="hpa"
                    >
                      1017.58 hPa
                    </div>,
                    <div
                      className="wind"
                    >
                      3.61
                    </div>,
                    <div
                      className="wind-arrow"
                    >
                      <i
                        className="material-icons"
                        style={
                          Object {
                            "transform": "rotate(165.001deg)",
                          }
                        }
                      >
                        arrow_right_alt
                      </i>
                    </div>,
                  ],
                  "className": "d-flex list-group-item align-middle",
                },
                "ref": null,
                "rendered": Array [
                  Object {
                    "instance": null,
                    "key": undefined,
                    "nodeType": "host",
                    "props": Object {
                      "children": "12:00",
                      "className": "time",
                    },
                    "ref": null,
                    "rendered": "12:00",
                    "type": "div",
                  },
                  Object {
                    "instance": null,
                    "key": undefined,
                    "nodeType": "host",
                    "props": Object {
                      "children": <img
                        alt="clear sky"
                        src="http://openweathermap.org/img/w/01d.png"
                      />,
                      "className": "icon",
                    },
                    "ref": null,
                    "rendered": Object {
                      "instance": null,
                      "key": undefined,
                      "nodeType": "host",
                      "props": Object {
                        "alt": "clear sky",
                        "src": "http://openweathermap.org/img/w/01d.png",
                      },
                      "ref": null,
                      "rendered": null,
                      "type": "img",
                    },
                    "type": "div",
                  },
                  Object {
                    "instance": null,
                    "key": undefined,
                    "nodeType": "host",
                    "props": Object {
                      "children": Array [
                        286.164,
                        <sup>
                          o
                        </sup>,
                        "C",
                      ],
                      "className": "temp",
                    },
                    "ref": null,
                    "rendered": Array [
                      286.164,
                      Object {
                        "instance": null,
                        "key": undefined,
                        "nodeType": "host",
                        "props": Object {
                          "children": "o",
                        },
                        "ref": null,
                        "rendered": "o",
                        "type": "sup",
                      },
                      "C",
                    ],
                    "type": "div",
                  },
                  Object {
                    "instance": null,
                    "key": undefined,
                    "nodeType": "host",
                    "props": Object {
                      "children": "1017.58 hPa",
                      "className": "hpa",
                    },
                    "ref": null,
                    "rendered": "1017.58 hPa",
                    "type": "div",
                  },
                  Object {
                    "instance": null,
                    "key": undefined,
                    "nodeType": "host",
                    "props": Object {
                      "children": 3.61,
                      "className": "wind",
                    },
                    "ref": null,
                    "rendered": 3.61,
                    "type": "div",
                  },
                  Object {
                    "instance": null,
                    "key": undefined,
                    "nodeType": "host",
                    "props": Object {
                      "children": <i
                        className="material-icons"
                        style={
                          Object {
                            "transform": "rotate(165.001deg)",
                          }
                        }
                      >
                        arrow_right_alt
                      </i>,
                      "className": "wind-arrow",
                    },
                    "ref": null,
                    "rendered": Object {
                      "instance": null,
                      "key": undefined,
                      "nodeType": "host",
                      "props": Object {
                        "children": "arrow_right_alt",
                        "className": "material-icons",
                        "style": Object {
                          "transform": "rotate(165.001deg)",
                        },
                      },
                      "ref": null,
                      "rendered": "arrow_right_alt",
                      "type": "i",
                    },
                    "type": "div",
                  },
                ],
                "type": "li",
              },
            ],
            "type": "ul",
          },
        ],
        "type": "div",
      },
      "type": "div",
    },
  ],
  Symbol(enzyme.__options__): Object {
    "adapter": ReactSixteenAdapter {
      "options": Object {
        "enableComponentDidUpdateOnSetState": true,
        "lifecycles": Object {
          "componentDidUpdate": Object {
            "onSetState": true,
          },
          "getDerivedStateFromProps": true,
          "getSnapshotBeforeUpdate": true,
          "setState": Object {
            "skipsComponentDidUpdateOnNullish": true,
          },
        },
      },
    },
  },
}
`;
